// Jest Snapshot v1, https://goo.gl/fbAQLP

exports[`vue should build vue app 1`] = `3`;

exports[`vue should build vue app 2`] = `
"
/** filePath: dist/chunk/1.js **/
(window[\\"webpackJsonp\\"] = window[\\"webpackJsonp\\"] || []).push([[1],[
/* 0 */,
/* 1 */,
/* 2 */,
/* 3 */,
/* 4 */,
/* 5 */,
/* 6 */,
/* 7 */,
/* 8 */,
/* 9 */,
/* 10 */,
/* 11 */,
/* 12 */,
/* 13 */,
/* 14 */
/***/ (function(module, __webpack_exports__, __webpack_require__) {

\\"use strict\\";
__webpack_require__.r(__webpack_exports__);
/* harmony import */ var _index_vue_vue_type_template_id_1badc801___WEBPACK_IMPORTED_MODULE_0__ = __webpack_require__(21);
/* harmony import */ var _index_vue_vue_type_script_lang_js___WEBPACK_IMPORTED_MODULE_1__ = __webpack_require__(16);
/* harmony import */ var _index_vue_vue_type_style_index_0_lang_css___WEBPACK_IMPORTED_MODULE_2__ = __webpack_require__(22);
/* harmony import */ var _index_vue_vue_type_style_index_1_lang_css___WEBPACK_IMPORTED_MODULE_3__ = __webpack_require__(24);
/* harmony import */ var _node_modules_vue_loader_lib_runtime_componentNormalizer_js__WEBPACK_IMPORTED_MODULE_4__ = __webpack_require__(26);







/* normalize component */

var component = Object(_node_modules_vue_loader_lib_runtime_componentNormalizer_js__WEBPACK_IMPORTED_MODULE_4__[/* default */ \\"a\\"])(
  _index_vue_vue_type_script_lang_js___WEBPACK_IMPORTED_MODULE_1__[/* default */ \\"a\\"],
  _index_vue_vue_type_template_id_1badc801___WEBPACK_IMPORTED_MODULE_0__[/* render */ \\"a\\"],
  _index_vue_vue_type_template_id_1badc801___WEBPACK_IMPORTED_MODULE_0__[/* staticRenderFns */ \\"b\\"],
  false,
  null,
  null,
  null
  
)

/* hot reload */
if (false) { var api; }
component.options.__file = \\"src/pages/index/index.vue\\"
/* harmony default export */ __webpack_exports__[\\"default\\"] = (component.exports);

/***/ }),
/* 15 */,
/* 16 */
/***/ (function(module, __webpack_exports__, __webpack_require__) {

\\"use strict\\";
/* harmony import */ var _node_modules_babel_loader_lib_index_js_ref_5_0_node_modules_vue_loader_lib_index_js_vue_loader_options_index_vue_vue_type_script_lang_js___WEBPACK_IMPORTED_MODULE_0__ = __webpack_require__(17);
 /* harmony default export */ __webpack_exports__[\\"a\\"] = (_node_modules_babel_loader_lib_index_js_ref_5_0_node_modules_vue_loader_lib_index_js_vue_loader_options_index_vue_vue_type_script_lang_js___WEBPACK_IMPORTED_MODULE_0__[/* default */ \\"a\\"]); 

/***/ }),
/* 17 */
/***/ (function(module, __webpack_exports__, __webpack_require__) {

\\"use strict\\";
//
//
//
//
//
//
/* harmony default export */ __webpack_exports__[\\"a\\"] = ({
  data: function data() {
    return {
      msg: 'Hello world!'
    };
  }
});

/***/ }),
/* 18 */
/***/ (function(module, exports, __webpack_require__) {

var api = __webpack_require__(4);
            var content = __webpack_require__(23);

            content = content.__esModule ? content.default : content;

            if (typeof content === 'string') {
              content = [[module.i, content, '']];
            }

var options = {};

options.insert = \\"head\\";
options.singleton = false;

var update = api(content, options);

var exported = content.locals ? content.locals : {};



module.exports = exported;

/***/ }),
/* 19 */
/***/ (function(module, exports, __webpack_require__) {

var api = __webpack_require__(4);
            var content = __webpack_require__(25);

            content = content.__esModule ? content.default : content;

            if (typeof content === 'string') {
              content = [[module.i, content, '']];
            }

var options = {};

options.insert = \\"head\\";
options.singleton = false;

var update = api(content, options);

var exported = content.locals ? content.locals : {};



module.exports = exported;

/***/ }),
/* 20 */
/***/ (function(module, __webpack_exports__, __webpack_require__) {

\\"use strict\\";
/* harmony export (binding) */ __webpack_require__.d(__webpack_exports__, \\"a\\", function() { return render; });
/* harmony export (binding) */ __webpack_require__.d(__webpack_exports__, \\"b\\", function() { return staticRenderFns; });
var render = function() {
  var _vm = this
  var _h = _vm.$createElement
  var _c = _vm._self._c || _h
  return _c(
    \\"taro-view\\",
    { staticClass: \\"index\\" },
    [_c(\\"taro-text\\", [_vm._v(_vm._s(_vm.msg))])],
    1
  )
}
var staticRenderFns = []
render._withStripped = true



/***/ }),
/* 21 */
/***/ (function(module, __webpack_exports__, __webpack_require__) {

\\"use strict\\";
/* harmony import */ var _node_modules_vue_loader_lib_loaders_templateLoader_js_vue_loader_options_node_modules_vue_loader_lib_index_js_vue_loader_options_index_vue_vue_type_template_id_1badc801___WEBPACK_IMPORTED_MODULE_0__ = __webpack_require__(20);
/* harmony reexport (safe) */ __webpack_require__.d(__webpack_exports__, \\"a\\", function() { return _node_modules_vue_loader_lib_loaders_templateLoader_js_vue_loader_options_node_modules_vue_loader_lib_index_js_vue_loader_options_index_vue_vue_type_template_id_1badc801___WEBPACK_IMPORTED_MODULE_0__[\\"a\\"]; });

/* harmony reexport (safe) */ __webpack_require__.d(__webpack_exports__, \\"b\\", function() { return _node_modules_vue_loader_lib_loaders_templateLoader_js_vue_loader_options_node_modules_vue_loader_lib_index_js_vue_loader_options_index_vue_vue_type_template_id_1badc801___WEBPACK_IMPORTED_MODULE_0__[\\"b\\"]; });



/***/ }),
/* 22 */
/***/ (function(module, __webpack_exports__, __webpack_require__) {

\\"use strict\\";
/* harmony import */ var _node_modules_style_loader_dist_cjs_js_node_modules_css_loader_dist_cjs_js_ref_2_oneOf_0_0_node_modules_vue_loader_lib_loaders_stylePostLoader_js_node_modules_postcss_loader_src_index_js_postcss_node_modules_vue_loader_lib_index_js_vue_loader_options_index_vue_vue_type_style_index_0_lang_css___WEBPACK_IMPORTED_MODULE_0__ = __webpack_require__(18);
/* harmony import */ var _node_modules_style_loader_dist_cjs_js_node_modules_css_loader_dist_cjs_js_ref_2_oneOf_0_0_node_modules_vue_loader_lib_loaders_stylePostLoader_js_node_modules_postcss_loader_src_index_js_postcss_node_modules_vue_loader_lib_index_js_vue_loader_options_index_vue_vue_type_style_index_0_lang_css___WEBPACK_IMPORTED_MODULE_0___default = /*#__PURE__*/__webpack_require__.n(_node_modules_style_loader_dist_cjs_js_node_modules_css_loader_dist_cjs_js_ref_2_oneOf_0_0_node_modules_vue_loader_lib_loaders_stylePostLoader_js_node_modules_postcss_loader_src_index_js_postcss_node_modules_vue_loader_lib_index_js_vue_loader_options_index_vue_vue_type_style_index_0_lang_css___WEBPACK_IMPORTED_MODULE_0__);
/* unused harmony reexport * */
 /* unused harmony default export */ var _unused_webpack_default_export = (_node_modules_style_loader_dist_cjs_js_node_modules_css_loader_dist_cjs_js_ref_2_oneOf_0_0_node_modules_vue_loader_lib_loaders_stylePostLoader_js_node_modules_postcss_loader_src_index_js_postcss_node_modules_vue_loader_lib_index_js_vue_loader_options_index_vue_vue_type_style_index_0_lang_css___WEBPACK_IMPORTED_MODULE_0___default.a); 

/***/ }),
/* 23 */
/***/ (function(module, exports, __webpack_require__) {

// Imports
var ___CSS_LOADER_API_IMPORT___ = __webpack_require__(5);
exports = ___CSS_LOADER_API_IMPORT___(false);
// Module
exports.push([module.i, \\"\\\\n.index {\\\\n  color: blue;\\\\n}\\\\n\\", \\"\\"]);
// Exports
module.exports = exports;


/***/ }),
/* 24 */
/***/ (function(module, __webpack_exports__, __webpack_require__) {

\\"use strict\\";
/* harmony import */ var _node_modules_style_loader_dist_cjs_js_node_modules_css_loader_dist_cjs_js_ref_2_oneOf_0_0_node_modules_vue_loader_lib_loaders_stylePostLoader_js_node_modules_postcss_loader_src_index_js_postcss_node_modules_vue_loader_lib_index_js_vue_loader_options_index_vue_vue_type_style_index_1_lang_css___WEBPACK_IMPORTED_MODULE_0__ = __webpack_require__(19);
/* harmony import */ var _node_modules_style_loader_dist_cjs_js_node_modules_css_loader_dist_cjs_js_ref_2_oneOf_0_0_node_modules_vue_loader_lib_loaders_stylePostLoader_js_node_modules_postcss_loader_src_index_js_postcss_node_modules_vue_loader_lib_index_js_vue_loader_options_index_vue_vue_type_style_index_1_lang_css___WEBPACK_IMPORTED_MODULE_0___default = /*#__PURE__*/__webpack_require__.n(_node_modules_style_loader_dist_cjs_js_node_modules_css_loader_dist_cjs_js_ref_2_oneOf_0_0_node_modules_vue_loader_lib_loaders_stylePostLoader_js_node_modules_postcss_loader_src_index_js_postcss_node_modules_vue_loader_lib_index_js_vue_loader_options_index_vue_vue_type_style_index_1_lang_css___WEBPACK_IMPORTED_MODULE_0__);
/* unused harmony reexport * */
 /* unused harmony default export */ var _unused_webpack_default_export = (_node_modules_style_loader_dist_cjs_js_node_modules_css_loader_dist_cjs_js_ref_2_oneOf_0_0_node_modules_vue_loader_lib_loaders_stylePostLoader_js_node_modules_postcss_loader_src_index_js_postcss_node_modules_vue_loader_lib_index_js_vue_loader_options_index_vue_vue_type_style_index_1_lang_css___WEBPACK_IMPORTED_MODULE_0___default.a); 

/***/ }),
/* 25 */
/***/ (function(module, exports, __webpack_require__) {

// Imports
var ___CSS_LOADER_API_IMPORT___ = __webpack_require__(5);
exports = ___CSS_LOADER_API_IMPORT___(false);
// Module
exports.push([module.i, \\"\\\\n.detail {\\\\n  color: red;\\\\n}\\\\n\\", \\"\\"]);
// Exports
module.exports = exports;


/***/ }),
/* 26 */
/***/ (function(module, __webpack_exports__, __webpack_require__) {

\\"use strict\\";
/* harmony export (binding) */ __webpack_require__.d(__webpack_exports__, \\"a\\", function() { return normalizeComponent; });
/* globals __VUE_SSR_CONTEXT__ */

// IMPORTANT: Do NOT use ES2015 features in this file (except for modules).
// This module is a runtime utility for cleaner component module output and will
// be included in the final webpack user bundle.

function normalizeComponent (
  scriptExports,
  render,
  staticRenderFns,
  functionalTemplate,
  injectStyles,
  scopeId,
  moduleIdentifier, /* server only */
  shadowMode /* vue-cli only */
) {
  // Vue.extend constructor export interop
  var options = typeof scriptExports === 'function'
    ? scriptExports.options
    : scriptExports

  // render functions
  if (render) {
    options.render = render
    options.staticRenderFns = staticRenderFns
    options._compiled = true
  }

  // functional template
  if (functionalTemplate) {
    options.functional = true
  }

  // scopedId
  if (scopeId) {
    options._scopeId = 'data-v-' + scopeId
  }

  var hook
  if (moduleIdentifier) { // server build
    hook = function (context) {
      // 2.3 injection
      context =
        context || // cached call
        (this.$vnode && this.$vnode.ssrContext) || // stateful
        (this.parent && this.parent.$vnode && this.parent.$vnode.ssrContext) // functional
      // 2.2 with runInNewContext: true
      if (!context && typeof __VUE_SSR_CONTEXT__ !== 'undefined') {
        context = __VUE_SSR_CONTEXT__
      }
      // inject component styles
      if (injectStyles) {
        injectStyles.call(this, context)
      }
      // register component module identifier for async chunk inferrence
      if (context && context._registeredComponents) {
        context._registeredComponents.add(moduleIdentifier)
      }
    }
    // used by ssr in case component is cached and beforeCreate
    // never gets called
    options._ssrRegister = hook
  } else if (injectStyles) {
    hook = shadowMode
      ? function () { injectStyles.call(this, this.$root.$options.shadowRoot) }
      : injectStyles
  }

  if (hook) {
    if (options.functional) {
      // for template-only hot-reload because in that case the render fn doesn't
      // go through the normalizer
      options._injectStyles = hook
      // register for functional component in vue file
      var originalRender = options.render
      options.render = function renderWithStyleInjection (h, context) {
        hook.call(context)
        return originalRender(h, context)
      }
    } else {
      // inject component registration as beforeCreate hook
      var existing = options.beforeCreate
      options.beforeCreate = existing
        ? [].concat(existing, hook)
        : [hook]
    }
  }

  return {
    exports: scriptExports,
    options: options
  }
}


/***/ })
]]);

/** filePath: dist/index.html **/
<!DOCTYPE html>
<html>
<head>
  <meta content=\\"text/html; charset=utf-8\\" http-equiv=\\"Content-Type\\">
  <meta content=\\"width=device-width,initial-scale=1,user-scalable=no\\" name=\\"viewport\\">
  <meta name=\\"apple-mobile-web-app-capable\\" content=\\"yes\\">
  <meta name=\\"apple-touch-fullscreen\\" content=\\"yes\\">
  <meta name=\\"format-detection\\" content=\\"telephone=no,address=no\\">
  <meta name=\\"apple-mobile-web-app-status-bar-style\\" content=\\"white\\">
  <meta http-equiv=\\"X-UA-Compatible\\" content=\\"IE=edge,chrome=1\\" >
  <title></title>
  <script>
    !function(x){function w(){var v,u,t,tes,s=x.document,r=s.documentElement,a=r.getBoundingClientRect().width;if(!v&&!u){var n=!!x.navigator.appVersion.match(/AppleWebKit.*Mobile.*/);v=x.devicePixelRatio;tes=x.devicePixelRatio;v=n?v:1,u=1/v}if(a>=640){r.style.fontSize=\\"40px\\"}else{if(a<=320){r.style.fontSize=\\"20px\\"}else{r.style.fontSize=a/320*20+\\"px\\"}}}x.addEventListener(\\"resize\\",function(){w()});w()}(window);
  </script>
</head>
<body>
  <div id=\\"app\\"></div>
<script type=\\"text/javascript\\" src=\\"/js/app.js\\"></script></body>
</html>


/** filePath: dist/js/app.js **/
/******/ (function(modules) { // webpackBootstrap
/******/ 	// install a JSONP callback for chunk loading
/******/ 	function webpackJsonpCallback(data) {
/******/ 		var chunkIds = data[0];
/******/ 		var moreModules = data[1];
/******/
/******/
/******/ 		// add \\"moreModules\\" to the modules object,
/******/ 		// then flag all \\"chunkIds\\" as loaded and fire callback
/******/ 		var moduleId, chunkId, i = 0, resolves = [];
/******/ 		for(;i < chunkIds.length; i++) {
/******/ 			chunkId = chunkIds[i];
/******/ 			if(Object.prototype.hasOwnProperty.call(installedChunks, chunkId) && installedChunks[chunkId]) {
/******/ 				resolves.push(installedChunks[chunkId][0]);
/******/ 			}
/******/ 			installedChunks[chunkId] = 0;
/******/ 		}
/******/ 		for(moduleId in moreModules) {
/******/ 			if(Object.prototype.hasOwnProperty.call(moreModules, moduleId)) {
/******/ 				modules[moduleId] = moreModules[moduleId];
/******/ 			}
/******/ 		}
/******/ 		if(parentJsonpFunction) parentJsonpFunction(data);
/******/
/******/ 		while(resolves.length) {
/******/ 			resolves.shift()();
/******/ 		}
/******/
/******/ 	};
/******/
/******/
/******/ 	// The module cache
/******/ 	var installedModules = {};
/******/
/******/ 	// object to store loaded and loading chunks
/******/ 	// undefined = chunk not loaded, null = chunk preloaded/prefetched
/******/ 	// Promise = chunk loading, 0 = chunk loaded
/******/ 	var installedChunks = {
/******/ 		0: 0
/******/ 	};
/******/
/******/
/******/
/******/ 	// script path function
/******/ 	function jsonpScriptSrc(chunkId) {
/******/ 		return __webpack_require__.p + \\"chunk/\\" + ({}[chunkId]||chunkId) + \\".js\\"
/******/ 	}
/******/
/******/ 	// The require function
/******/ 	function __webpack_require__(moduleId) {
/******/
/******/ 		// Check if module is in cache
/******/ 		if(installedModules[moduleId]) {
/******/ 			return installedModules[moduleId].exports;
/******/ 		}
/******/ 		// Create a new module (and put it into the cache)
/******/ 		var module = installedModules[moduleId] = {
/******/ 			i: moduleId,
/******/ 			l: false,
/******/ 			exports: {}
/******/ 		};
/******/
/******/ 		// Execute the module function
/******/ 		modules[moduleId].call(module.exports, module, module.exports, __webpack_require__);
/******/
/******/ 		// Flag the module as loaded
/******/ 		module.l = true;
/******/
/******/ 		// Return the exports of the module
/******/ 		return module.exports;
/******/ 	}
/******/
/******/ 	// This file contains only the entry chunk.
/******/ 	// The chunk loading function for additional chunks
/******/ 	__webpack_require__.e = function requireEnsure(chunkId) {
/******/ 		var promises = [];
/******/
/******/
/******/ 		// JSONP chunk loading for javascript
/******/
/******/ 		var installedChunkData = installedChunks[chunkId];
/******/ 		if(installedChunkData !== 0) { // 0 means \\"already installed\\".
/******/
/******/ 			// a Promise means \\"currently loading\\".
/******/ 			if(installedChunkData) {
/******/ 				promises.push(installedChunkData[2]);
/******/ 			} else {
/******/ 				// setup Promise in chunk cache
/******/ 				var promise = new Promise(function(resolve, reject) {
/******/ 					installedChunkData = installedChunks[chunkId] = [resolve, reject];
/******/ 				});
/******/ 				promises.push(installedChunkData[2] = promise);
/******/
/******/ 				// start chunk loading
/******/ 				var script = document.createElement('script');
/******/ 				var onScriptComplete;
/******/
/******/ 				script.charset = 'utf-8';
/******/ 				script.timeout = 120;
/******/ 				if (__webpack_require__.nc) {
/******/ 					script.setAttribute(\\"nonce\\", __webpack_require__.nc);
/******/ 				}
/******/ 				script.src = jsonpScriptSrc(chunkId);
/******/
/******/ 				// create error before stack unwound to get useful stacktrace later
/******/ 				var error = new Error();
/******/ 				onScriptComplete = function (event) {
/******/ 					// avoid mem leaks in IE.
/******/ 					script.onerror = script.onload = null;
/******/ 					clearTimeout(timeout);
/******/ 					var chunk = installedChunks[chunkId];
/******/ 					if(chunk !== 0) {
/******/ 						if(chunk) {
/******/ 							var errorType = event && (event.type === 'load' ? 'missing' : event.type);
/******/ 							var realSrc = event && event.target && event.target.src;
/******/ 							error.message = 'Loading chunk ' + chunkId + ' failed.\\\\n(' + errorType + ': ' + realSrc + ')';
/******/ 							error.name = 'ChunkLoadError';
/******/ 							error.type = errorType;
/******/ 							error.request = realSrc;
/******/ 							chunk[1](error);
/******/ 						}
/******/ 						installedChunks[chunkId] = undefined;
/******/ 					}
/******/ 				};
/******/ 				var timeout = setTimeout(function(){
/******/ 					onScriptComplete({ type: 'timeout', target: script });
/******/ 				}, 120000);
/******/ 				script.onerror = script.onload = onScriptComplete;
/******/ 				document.head.appendChild(script);
/******/ 			}
/******/ 		}
/******/ 		return Promise.all(promises);
/******/ 	};
/******/
/******/ 	// expose the modules object (__webpack_modules__)
/******/ 	__webpack_require__.m = modules;
/******/
/******/ 	// expose the module cache
/******/ 	__webpack_require__.c = installedModules;
/******/
/******/ 	// define getter function for harmony exports
/******/ 	__webpack_require__.d = function(exports, name, getter) {
/******/ 		if(!__webpack_require__.o(exports, name)) {
/******/ 			Object.defineProperty(exports, name, { enumerable: true, get: getter });
/******/ 		}
/******/ 	};
/******/
/******/ 	// define __esModule on exports
/******/ 	__webpack_require__.r = function(exports) {
/******/ 		if(typeof Symbol !== 'undefined' && Symbol.toStringTag) {
/******/ 			Object.defineProperty(exports, Symbol.toStringTag, { value: 'Module' });
/******/ 		}
/******/ 		Object.defineProperty(exports, '__esModule', { value: true });
/******/ 	};
/******/
/******/ 	// create a fake namespace object
/******/ 	// mode & 1: value is a module id, require it
/******/ 	// mode & 2: merge all properties of value into the ns
/******/ 	// mode & 4: return value when already ns object
/******/ 	// mode & 8|1: behave like require
/******/ 	__webpack_require__.t = function(value, mode) {
/******/ 		if(mode & 1) value = __webpack_require__(value);
/******/ 		if(mode & 8) return value;
/******/ 		if((mode & 4) && typeof value === 'object' && value && value.__esModule) return value;
/******/ 		var ns = Object.create(null);
/******/ 		__webpack_require__.r(ns);
/******/ 		Object.defineProperty(ns, 'default', { enumerable: true, value: value });
/******/ 		if(mode & 2 && typeof value != 'string') for(var key in value) __webpack_require__.d(ns, key, function(key) { return value[key]; }.bind(null, key));
/******/ 		return ns;
/******/ 	};
/******/
/******/ 	// getDefaultExport function for compatibility with non-harmony modules
/******/ 	__webpack_require__.n = function(module) {
/******/ 		var getter = module && module.__esModule ?
/******/ 			function getDefault() { return module['default']; } :
/******/ 			function getModuleExports() { return module; };
/******/ 		__webpack_require__.d(getter, 'a', getter);
/******/ 		return getter;
/******/ 	};
/******/
/******/ 	// Object.prototype.hasOwnProperty.call
/******/ 	__webpack_require__.o = function(object, property) { return Object.prototype.hasOwnProperty.call(object, property); };
/******/
/******/ 	// __webpack_public_path__
/******/ 	__webpack_require__.p = \\"/\\";
/******/
/******/ 	// on error function for async loading
/******/ 	__webpack_require__.oe = function(err) { console.error(err); throw err; };
/******/
/******/ 	var jsonpArray = window[\\"webpackJsonp\\"] = window[\\"webpackJsonp\\"] || [];
/******/ 	var oldJsonpFunction = jsonpArray.push.bind(jsonpArray);
/******/ 	jsonpArray.push = webpackJsonpCallback;
/******/ 	jsonpArray = jsonpArray.slice();
/******/ 	for(var i = 0; i < jsonpArray.length; i++) webpackJsonpCallback(jsonpArray[i]);
/******/ 	var parentJsonpFunction = oldJsonpFunction;
/******/
/******/
/******/ 	// Load entry module and return exports
/******/ 	return __webpack_require__(__webpack_require__.s = 8);
/******/ })
/************************************************************************/
/******/ ([
/* 0 */
/***/ (function(module, __webpack_exports__, __webpack_require__) {

\\"use strict\\";
/* harmony default export */ __webpack_exports__[\\"a\\"] = ('taro-h5-mock');

/***/ }),
/* 1 */
/***/ (function(module, __webpack_exports__, __webpack_require__) {

\\"use strict\\";
/* harmony default export */ __webpack_exports__[\\"a\\"] = ('vue-mock');

/***/ }),
/* 2 */
/***/ (function(module, __webpack_exports__, __webpack_require__) {

\\"use strict\\";
/* harmony export (binding) */ __webpack_require__.d(__webpack_exports__, \\"a\\", function() { return window; });
/* unused harmony default export */ var _unused_webpack_default_export = ('taro-runtime-mock');
var window = {};

/***/ }),
/* 3 */
/***/ (function(module, __webpack_exports__, __webpack_require__) {

\\"use strict\\";
/* harmony export (binding) */ __webpack_require__.d(__webpack_exports__, \\"b\\", function() { return defineCustomElements; });
/* harmony export (binding) */ __webpack_require__.d(__webpack_exports__, \\"a\\", function() { return applyPolyfills; });
/* unused harmony default export */ var _unused_webpack_default_export = ('taro-components-mock');
function defineCustomElements() {}
function applyPolyfills() {}

/***/ }),
/* 4 */
/***/ (function(module, exports, __webpack_require__) {

\\"use strict\\";


var isOldIE = function isOldIE() {
  var memo;
  return function memorize() {
    if (typeof memo === 'undefined') {
      // Test for IE <= 9 as proposed by Browserhacks
      // @see http://browserhacks.com/#hack-e71d8692f65334173fee715c222cb805
      // Tests for existence of standard globals is to allow style-loader
      // to operate correctly into non-standard environments
      // @see https://github.com/webpack-contrib/style-loader/issues/177
      memo = Boolean(window && document && document.all && !window.atob);
    }

    return memo;
  };
}();

var getTarget = function getTarget() {
  var memo = {};
  return function memorize(target) {
    if (typeof memo[target] === 'undefined') {
      var styleTarget = document.querySelector(target); // Special case to return head of iframe instead of iframe itself

      if (window.HTMLIFrameElement && styleTarget instanceof window.HTMLIFrameElement) {
        try {
          // This will throw an exception if access to iframe is blocked
          // due to cross-origin restrictions
          styleTarget = styleTarget.contentDocument.head;
        } catch (e) {
          // istanbul ignore next
          styleTarget = null;
        }
      }

      memo[target] = styleTarget;
    }

    return memo[target];
  };
}();

var stylesInDom = [];

function getIndexByIdentifier(identifier) {
  var result = -1;

  for (var i = 0; i < stylesInDom.length; i++) {
    if (stylesInDom[i].identifier === identifier) {
      result = i;
      break;
    }
  }

  return result;
}

function modulesToDom(list, options) {
  var idCountMap = {};
  var identifiers = [];

  for (var i = 0; i < list.length; i++) {
    var item = list[i];
    var id = options.base ? item[0] + options.base : item[0];
    var count = idCountMap[id] || 0;
    var identifier = \\"\\".concat(id, \\" \\").concat(count);
    idCountMap[id] = count + 1;
    var index = getIndexByIdentifier(identifier);
    var obj = {
      css: item[1],
      media: item[2],
      sourceMap: item[3]
    };

    if (index !== -1) {
      stylesInDom[index].references++;
      stylesInDom[index].updater(obj);
    } else {
      stylesInDom.push({
        identifier: identifier,
        updater: addStyle(obj, options),
        references: 1
      });
    }

    identifiers.push(identifier);
  }

  return identifiers;
}

function insertStyleElement(options) {
  var style = document.createElement('style');
  var attributes = options.attributes || {};

  if (typeof attributes.nonce === 'undefined') {
    var nonce =  true ? __webpack_require__.nc : undefined;

    if (nonce) {
      attributes.nonce = nonce;
    }
  }

  Object.keys(attributes).forEach(function (key) {
    style.setAttribute(key, attributes[key]);
  });

  if (typeof options.insert === 'function') {
    options.insert(style);
  } else {
    var target = getTarget(options.insert || 'head');

    if (!target) {
      throw new Error(\\"Couldn't find a style target. This probably means that the value for the 'insert' parameter is invalid.\\");
    }

    target.appendChild(style);
  }

  return style;
}

function removeStyleElement(style) {
  // istanbul ignore if
  if (style.parentNode === null) {
    return false;
  }

  style.parentNode.removeChild(style);
}
/* istanbul ignore next  */


var replaceText = function replaceText() {
  var textStore = [];
  return function replace(index, replacement) {
    textStore[index] = replacement;
    return textStore.filter(Boolean).join('\\\\n');
  };
}();

function applyToSingletonTag(style, index, remove, obj) {
  var css = remove ? '' : obj.media ? \\"@media \\".concat(obj.media, \\" {\\").concat(obj.css, \\"}\\") : obj.css; // For old IE

  /* istanbul ignore if  */

  if (style.styleSheet) {
    style.styleSheet.cssText = replaceText(index, css);
  } else {
    var cssNode = document.createTextNode(css);
    var childNodes = style.childNodes;

    if (childNodes[index]) {
      style.removeChild(childNodes[index]);
    }

    if (childNodes.length) {
      style.insertBefore(cssNode, childNodes[index]);
    } else {
      style.appendChild(cssNode);
    }
  }
}

function applyToTag(style, options, obj) {
  var css = obj.css;
  var media = obj.media;
  var sourceMap = obj.sourceMap;

  if (media) {
    style.setAttribute('media', media);
  } else {
    style.removeAttribute('media');
  }

  if (sourceMap && btoa) {
    css += \\"\\\\n/*# sourceMappingURL=data:application/json;base64,\\".concat(btoa(unescape(encodeURIComponent(JSON.stringify(sourceMap)))), \\" */\\");
  } // For old IE

  /* istanbul ignore if  */


  if (style.styleSheet) {
    style.styleSheet.cssText = css;
  } else {
    while (style.firstChild) {
      style.removeChild(style.firstChild);
    }

    style.appendChild(document.createTextNode(css));
  }
}

var singleton = null;
var singletonCounter = 0;

function addStyle(obj, options) {
  var style;
  var update;
  var remove;

  if (options.singleton) {
    var styleIndex = singletonCounter++;
    style = singleton || (singleton = insertStyleElement(options));
    update = applyToSingletonTag.bind(null, style, styleIndex, false);
    remove = applyToSingletonTag.bind(null, style, styleIndex, true);
  } else {
    style = insertStyleElement(options);
    update = applyToTag.bind(null, style, options);

    remove = function remove() {
      removeStyleElement(style);
    };
  }

  update(obj);
  return function updateStyle(newObj) {
    if (newObj) {
      if (newObj.css === obj.css && newObj.media === obj.media && newObj.sourceMap === obj.sourceMap) {
        return;
      }

      update(obj = newObj);
    } else {
      remove();
    }
  };
}

module.exports = function (list, options) {
  options = options || {}; // Force single-tag solution on IE6-9, which has a hard limit on the # of <style>
  // tags it will allow on a page

  if (!options.singleton && typeof options.singleton !== 'boolean') {
    options.singleton = isOldIE();
  }

  list = list || [];
  var lastIdentifiers = modulesToDom(list, options);
  return function update(newList) {
    newList = newList || [];

    if (Object.prototype.toString.call(newList) !== '[object Array]') {
      return;
    }

    for (var i = 0; i < lastIdentifiers.length; i++) {
      var identifier = lastIdentifiers[i];
      var index = getIndexByIdentifier(identifier);
      stylesInDom[index].references--;
    }

    var newLastIdentifiers = modulesToDom(newList, options);

    for (var _i = 0; _i < lastIdentifiers.length; _i++) {
      var _identifier = lastIdentifiers[_i];

      var _index = getIndexByIdentifier(_identifier);

      if (stylesInDom[_index].references === 0) {
        stylesInDom[_index].updater();

        stylesInDom.splice(_index, 1);
      }
    }

    lastIdentifiers = newLastIdentifiers;
  };
};

/***/ }),
/* 5 */
/***/ (function(module, exports, __webpack_require__) {

\\"use strict\\";

/*
  MIT License http://www.opensource.org/licenses/mit-license.php
  Author Tobias Koppers @sokra
*/
// css base code, injected by the css-loader
// eslint-disable-next-line func-names

module.exports = function (useSourceMap) {
  var list = []; // return the list of modules as css string

  list.toString = function toString() {
    return this.map(function (item) {
      var content = cssWithMappingToString(item, useSourceMap);

      if (item[2]) {
        return \\"@media \\".concat(item[2], \\" {\\").concat(content, \\"}\\");
      }

      return content;
    }).join('');
  }; // import a list of modules into the list
  // eslint-disable-next-line func-names


  list.i = function (modules, mediaQuery, dedupe) {
    if (typeof modules === 'string') {
      // eslint-disable-next-line no-param-reassign
      modules = [[null, modules, '']];
    }

    var alreadyImportedModules = {};

    if (dedupe) {
      for (var i = 0; i < this.length; i++) {
        // eslint-disable-next-line prefer-destructuring
        var id = this[i][0];

        if (id != null) {
          alreadyImportedModules[id] = true;
        }
      }
    }

    for (var _i = 0; _i < modules.length; _i++) {
      var item = [].concat(modules[_i]);

      if (dedupe && alreadyImportedModules[item[0]]) {
        // eslint-disable-next-line no-continue
        continue;
      }

      if (mediaQuery) {
        if (!item[2]) {
          item[2] = mediaQuery;
        } else {
          item[2] = \\"\\".concat(mediaQuery, \\" and \\").concat(item[2]);
        }
      }

      list.push(item);
    }
  };

  return list;
};

function cssWithMappingToString(item, useSourceMap) {
  var content = item[1] || ''; // eslint-disable-next-line prefer-destructuring

  var cssMapping = item[3];

  if (!cssMapping) {
    return content;
  }

  if (useSourceMap && typeof btoa === 'function') {
    var sourceMapping = toComment(cssMapping);
    var sourceURLs = cssMapping.sources.map(function (source) {
      return \\"/*# sourceURL=\\".concat(cssMapping.sourceRoot || '').concat(source, \\" */\\");
    });
    return [content].concat(sourceURLs).concat([sourceMapping]).join('\\\\n');
  }

  return [content].join('\\\\n');
} // Adapted from convert-source-map (MIT)


function toComment(sourceMap) {
  // eslint-disable-next-line no-undef
  var base64 = btoa(unescape(encodeURIComponent(JSON.stringify(sourceMap))));
  var data = \\"sourceMappingURL=data:application/json;charset=utf-8;base64,\\".concat(base64);
  return \\"/*# \\".concat(data, \\" */\\");
}

/***/ }),
/* 6 */
/***/ (function(module, __webpack_exports__, __webpack_require__) {

\\"use strict\\";
/* harmony import */ var _tarojs_taro_h5__WEBPACK_IMPORTED_MODULE_0__ = __webpack_require__(0);


/* harmony default export */ __webpack_exports__[\\"a\\"] = (_tarojs_taro_h5__WEBPACK_IMPORTED_MODULE_0__[/* default */ \\"a\\"]);

/***/ }),
/* 7 */
/***/ (function(module, __webpack_exports__, __webpack_require__) {

\\"use strict\\";
/* harmony import */ var vue__WEBPACK_IMPORTED_MODULE_0__ = __webpack_require__(1);
/* harmony import */ var _app_css__WEBPACK_IMPORTED_MODULE_1__ = __webpack_require__(10);
/* harmony import */ var _app_css__WEBPACK_IMPORTED_MODULE_1___default = /*#__PURE__*/__webpack_require__.n(_app_css__WEBPACK_IMPORTED_MODULE_1__);


var App = new vue__WEBPACK_IMPORTED_MODULE_0__[/* default */ \\"a\\"]({
  onShow: function onShow() {},
  render: function render(h) {
    // this.$slots.default 是将要会渲染的页面
    return h('block', this.$slots.default);
  }
});
/* harmony default export */ __webpack_exports__[\\"a\\"] = (App);

/***/ }),
/* 8 */
/***/ (function(module, exports, __webpack_require__) {

module.exports = __webpack_require__(9);


/***/ }),
/* 9 */
/***/ (function(module, __webpack_exports__, __webpack_require__) {

\\"use strict\\";
__webpack_require__.r(__webpack_exports__);
/* harmony import */ var _tarojs_taro__WEBPACK_IMPORTED_MODULE_0__ = __webpack_require__(6);
/* harmony import */ var _app__WEBPACK_IMPORTED_MODULE_1__ = __webpack_require__(7);
/* harmony import */ var _tarojs_runtime__WEBPACK_IMPORTED_MODULE_2__ = __webpack_require__(2);
/* harmony import */ var _tarojs_components_loader__WEBPACK_IMPORTED_MODULE_3__ = __webpack_require__(3);
/* harmony import */ var vue__WEBPACK_IMPORTED_MODULE_4__ = __webpack_require__(1);
/* harmony import */ var _tarojs_components_dist_taro_components_taro_components_css__WEBPACK_IMPORTED_MODULE_5__ = __webpack_require__(12);
/* harmony import */ var _tarojs_components_dist_taro_components_taro_components_css__WEBPACK_IMPORTED_MODULE_5___default = /*#__PURE__*/__webpack_require__.n(_tarojs_components_dist_taro_components_taro_components_css__WEBPACK_IMPORTED_MODULE_5__);











Object(_tarojs_components_loader__WEBPACK_IMPORTED_MODULE_3__[/* applyPolyfills */ \\"a\\"])().then(() => {
  Object(_tarojs_components_loader__WEBPACK_IMPORTED_MODULE_3__[/* defineCustomElements */ \\"b\\"])(_tarojs_runtime__WEBPACK_IMPORTED_MODULE_2__[/* window */ \\"a\\"])
})

const config = {\\"pages\\":[\\"pages/index/index\\"],\\"window\\":{\\"backgroundTextStyle\\":\\"light\\",\\"navigationBarBackgroundColor\\":\\"#fff\\",\\"navigationBarTitleText\\":\\"WeChat\\",\\"navigationBarTextStyle\\":\\"black\\"}}
_tarojs_runtime__WEBPACK_IMPORTED_MODULE_2__[/* window */ \\"a\\"].__taroAppConfig = config

if (config.tabBar) {
  const tabbarList = config.tabBar.list
  for (let i = 0; i < tabbarList.length; i++) {
    const t = tabbarList[i]
    if (t.iconPath) {
      t.iconPath = tabbarIconPath[i]
    }
    if (t.selectedIconPath) {
      t.selectedIconPath = tabbarSelectedIconPath[i]
    }
  }
}
config.routes = [
  
  Object.assign({
      path: 'pages/index/index',
      load: () => {
          return __webpack_require__.e(/* import() */ 1).then(__webpack_require__.bind(null, 14))
      }
  }, {\\"navigationBarTitleText\\":\\"首页\\"} || {}),

]
_tarojs_taro__WEBPACK_IMPORTED_MODULE_0__[/* default */ \\"a\\"].createRouter(_app__WEBPACK_IMPORTED_MODULE_1__[/* default */ \\"a\\"], config, 'vue', vue__WEBPACK_IMPORTED_MODULE_4__[/* default */ \\"a\\"], config)


/***/ }),
/* 10 */
/***/ (function(module, exports, __webpack_require__) {

var api = __webpack_require__(4);
            var content = __webpack_require__(11);

            content = content.__esModule ? content.default : content;

            if (typeof content === 'string') {
              content = [[module.i, content, '']];
            }

var options = {};

options.insert = \\"head\\";
options.singleton = false;

var update = api(content, options);

var exported = content.locals ? content.locals : {};



module.exports = exported;

/***/ }),
/* 11 */
/***/ (function(module, exports, __webpack_require__) {

// Imports
var ___CSS_LOADER_API_IMPORT___ = __webpack_require__(5);
exports = ___CSS_LOADER_API_IMPORT___(false);
// Module
exports.push([module.i, \\"\\", \\"\\"]);
// Exports
module.exports = exports;


/***/ }),
/* 12 */
/***/ (function(module, exports, __webpack_require__) {

var api = __webpack_require__(4);
            var content = __webpack_require__(13);

            content = content.__esModule ? content.default : content;

            if (typeof content === 'string') {
              content = [[module.i, content, '']];
            }

var options = {};

options.insert = function insertAtTop(element) {
                const parent = document.querySelector('head');
                if (parent) {
                    const lastInsertedElement = window._lastElementInsertedByStyleLoader;
                    if (!lastInsertedElement) {
                        parent.insertBefore(element, parent.firstChild);
                    }
                    else if (lastInsertedElement.nextSibling) {
                        parent.insertBefore(element, lastInsertedElement.nextSibling);
                    }
                    else {
                        parent.appendChild(element);
                    }
                    window._lastElementInsertedByStyleLoader = element;
                }
            };
options.singleton = false;

var update = api(content, options);

var exported = content.locals ? content.locals : {};



module.exports = exported;

/***/ }),
/* 13 */
/***/ (function(module, exports, __webpack_require__) {

// Imports
var ___CSS_LOADER_API_IMPORT___ = __webpack_require__(5);
exports = ___CSS_LOADER_API_IMPORT___(false);
// Module
exports.push([module.i, \\"\\", \\"\\"]);
// Exports
module.exports = exports;


/***/ })
/******/ ]);
"
`;
